[
    Statement {
        id: 3,
        kind: FullOpeningTag(
            FullOpeningTagStatement {
                id: 2,
                span: Span {
                    start: 0,
                    end: 5,
                },
            },
        ),
        span: Span {
            start: 0,
            end: 5,
        },
        comments: CommentGroup {
            id: 1,
            comments: [],
        },
    },
    Statement {
        id: 8,
        kind: BackedEnum(
            BackedEnumStatement {
                id: 7,
                span: Span {
                    start: 7,
                    end: 23,
                },
                attributes: [],
                enum: Span {
                    start: 7,
                    end: 11,
                },
                name: Name {
                    id: 5,
                    kind: Resolved(
                        ResolvedName {
                            id: 5,
                            span: Span {
                                start: 12,
                                end: 15,
                            },
                            resolved: "Foo",
                            original: "Foo",
                        },
                    ),
                    span: Span {
                        start: 12,
                        end: 15,
                    },
                },
                colon: Span {
                    start: 15,
                    end: 16,
                },
                backed_type: Int(
                    Span {
                        start: 17,
                        end: 20,
                    },
                ),
                implements: [],
                body: BackedEnumBody {
                    id: 6,
                    span: Span {
                        start: 21,
                        end: 23,
                    },
                    left_brace: Span {
                        start: 21,
                        end: 22,
                    },
                    members: [],
                    right_brace: Span {
                        start: 22,
                        end: 23,
                    },
                },
            },
        ),
        span: Span {
            start: 7,
            end: 23,
        },
        comments: CommentGroup {
            id: 4,
            comments: [],
        },
    },
]
---
