[
    Statement {
        id: 3,
        kind: FullOpeningTag(
            FullOpeningTagStatement {
                id: 2,
                span: Span {
                    start: 0,
                    end: 5,
                },
            },
        ),
        span: Span {
            start: 0,
            end: 5,
        },
        comments: CommentGroup {
            id: 1,
            comments: [],
        },
    },
    Statement {
        id: 21,
        kind: Expression(
            ExpressionStatement {
                id: 20,
                span: Span {
                    start: 16,
                    end: 31,
                },
                expression: Expression {
                    id: 11,
                    kind: ComparisonOperation(
                        ComparisonOperationExpression {
                            id: 9,
                            span: Span {
                                start: 7,
                                end: 18,
                            },
                            kind: NotIdentical {
                                id: 10,
                                left: Expression {
                                    id: 5,
                                    kind: Bool(
                                        BoolExpression {
                                            id: 6,
                                            span: Span {
                                                start: 7,
                                                end: 11,
                                            },
                                            value: OwnedToken {
                                                kind: True,
                                                span: Span {
                                                    start: 7,
                                                    end: 11,
                                                },
                                                symbol: "true",
                                            },
                                        },
                                    ),
                                    span: Span {
                                        start: 7,
                                        end: 11,
                                    },
                                    comments: CommentGroup {
                                        id: 0,
                                        comments: [],
                                    },
                                },
                                bang_double_equals: Span {
                                    start: 12,
                                    end: 15,
                                },
                                right: Expression {
                                    id: 19,
                                    kind: AssignmentOperation(
                                        AssignmentOperationExpression {
                                            id: 18,
                                            span: Span {
                                                start: 0,
                                                end: 0,
                                            },
                                            left: Expression {
                                                id: 7,
                                                kind: Variable(
                                                    SimpleVariable(
                                                        SimpleVariable {
                                                            id: 8,
                                                            symbol: "$a",
                                                            stripped: "a",
                                                            span: Span {
                                                                start: 16,
                                                                end: 18,
                                                            },
                                                        },
                                                    ),
                                                ),
                                                span: Span {
                                                    start: 16,
                                                    end: 18,
                                                },
                                                comments: CommentGroup {
                                                    id: 0,
                                                    comments: [],
                                                },
                                            },
                                            kind: Assign(
                                                Span {
                                                    start: 19,
                                                    end: 20,
                                                },
                                            ),
                                            right: Expression {
                                                id: 17,
                                                kind: AssignmentOperation(
                                                    AssignmentOperationExpression {
                                                        id: 16,
                                                        span: Span {
                                                            start: 21,
                                                            end: 30,
                                                        },
                                                        left: Expression {
                                                            id: 12,
                                                            kind: Variable(
                                                                SimpleVariable(
                                                                    SimpleVariable {
                                                                        id: 13,
                                                                        symbol: "$b",
                                                                        stripped: "b",
                                                                        span: Span {
                                                                            start: 21,
                                                                            end: 23,
                                                                        },
                                                                    },
                                                                ),
                                                            ),
                                                            span: Span {
                                                                start: 21,
                                                                end: 23,
                                                            },
                                                            comments: CommentGroup {
                                                                id: 0,
                                                                comments: [],
                                                            },
                                                        },
                                                        kind: Assign(
                                                            Span {
                                                                start: 24,
                                                                end: 25,
                                                            },
                                                        ),
                                                        right: Expression {
                                                            id: 14,
                                                            kind: Bool(
                                                                BoolExpression {
                                                                    id: 15,
                                                                    span: Span {
                                                                        start: 26,
                                                                        end: 30,
                                                                    },
                                                                    value: OwnedToken {
                                                                        kind: True,
                                                                        span: Span {
                                                                            start: 26,
                                                                            end: 30,
                                                                        },
                                                                        symbol: "true",
                                                                    },
                                                                },
                                                            ),
                                                            span: Span {
                                                                start: 26,
                                                                end: 30,
                                                            },
                                                            comments: CommentGroup {
                                                                id: 0,
                                                                comments: [],
                                                            },
                                                        },
                                                    },
                                                ),
                                                span: Span {
                                                    start: 26,
                                                    end: 30,
                                                },
                                                comments: CommentGroup {
                                                    id: 0,
                                                    comments: [],
                                                },
                                            },
                                        },
                                    ),
                                    span: Span {
                                        start: 0,
                                        end: 0,
                                    },
                                    comments: CommentGroup {
                                        id: 0,
                                        comments: [],
                                    },
                                },
                            },
                        },
                    ),
                    span: Span {
                        start: 16,
                        end: 18,
                    },
                    comments: CommentGroup {
                        id: 0,
                        comments: [],
                    },
                },
                ending: Semicolon(
                    Span {
                        start: 30,
                        end: 31,
                    },
                ),
            },
        ),
        span: Span {
            start: 16,
            end: 31,
        },
        comments: CommentGroup {
            id: 4,
            comments: [],
        },
    },
]
---
