[
    Statement {
        id: 3,
        kind: FullOpeningTag(
            FullOpeningTagStatement {
                id: 2,
                span: Span {
                    start: 0,
                    end: 5,
                },
            },
        ),
        span: Span {
            start: 0,
            end: 5,
        },
        comments: CommentGroup {
            id: 1,
            comments: [],
        },
    },
    Statement {
        id: 16,
        kind: Expression(
            ExpressionStatement {
                id: 15,
                span: Span {
                    start: 12,
                    end: 16,
                },
                expression: Expression {
                    id: 14,
                    kind: AssignmentOperation(
                        AssignmentOperationExpression {
                            id: 12,
                            span: Span {
                                start: 7,
                                end: 15,
                            },
                            kind: Assign {
                                id: 13,
                                left: Expression {
                                    id: 5,
                                    kind: Variable(
                                        SimpleVariable(
                                            SimpleVariable {
                                                id: 6,
                                                symbol: "$a",
                                                stripped: "a",
                                                span: Span {
                                                    start: 7,
                                                    end: 9,
                                                },
                                            },
                                        ),
                                    ),
                                    span: Span {
                                        start: 7,
                                        end: 9,
                                    },
                                    comments: CommentGroup {
                                        id: 0,
                                        comments: [],
                                    },
                                },
                                equals: Span {
                                    start: 10,
                                    end: 11,
                                },
                                right: Expression {
                                    id: 9,
                                    kind: BitwiseOperation(
                                        BitwiseOperationExpression {
                                            id: 11,
                                            span: Span {
                                                start: 12,
                                                end: 15,
                                            },
                                            kind: Not {
                                                id: 10,
                                                not: Span {
                                                    start: 12,
                                                    end: 15,
                                                },
                                                right: Expression {
                                                    id: 7,
                                                    kind: Variable(
                                                        SimpleVariable(
                                                            SimpleVariable {
                                                                id: 8,
                                                                symbol: "$b",
                                                                stripped: "b",
                                                                span: Span {
                                                                    start: 13,
                                                                    end: 15,
                                                                },
                                                            },
                                                        ),
                                                    ),
                                                    span: Span {
                                                        start: 13,
                                                        end: 15,
                                                    },
                                                    comments: CommentGroup {
                                                        id: 0,
                                                        comments: [],
                                                    },
                                                },
                                            },
                                        },
                                    ),
                                    span: Span {
                                        start: 12,
                                        end: 15,
                                    },
                                    comments: CommentGroup {
                                        id: 0,
                                        comments: [],
                                    },
                                },
                            },
                        },
                    ),
                    span: Span {
                        start: 12,
                        end: 15,
                    },
                    comments: CommentGroup {
                        id: 0,
                        comments: [],
                    },
                },
                ending: Semicolon(
                    Span {
                        start: 15,
                        end: 16,
                    },
                ),
            },
        ),
        span: Span {
            start: 12,
            end: 16,
        },
        comments: CommentGroup {
            id: 4,
            comments: [],
        },
    },
]
---
