[
    Statement {
        id: 3,
        kind: FullOpeningTag(
            FullOpeningTagStatement {
                id: 2,
                span: Span {
                    start: 0,
                    end: 5,
                },
            },
        ),
        span: Span {
            start: 0,
            end: 5,
        },
        comments: CommentGroup {
            id: 1,
            comments: [],
        },
    },
    Statement {
        id: 17,
        kind: Class(
            ClassStatement {
                id: 16,
                span: Span {
                    start: 26,
                    end: 44,
                },
                attributes: [
                    AttributeGroup {
                        id: 7,
                        span: Span {
                            start: 7,
                            end: 13,
                        },
                        members: [
                            Attribute {
                                id: 6,
                                span: Span {
                                    start: 9,
                                    end: 13,
                                },
                                name: Name {
                                    id: 5,
                                    kind: Resolved(
                                        ResolvedName {
                                            id: 5,
                                            span: Span {
                                                start: 9,
                                                end: 12,
                                            },
                                            resolved: "Bar",
                                            original: "Bar",
                                        },
                                    ),
                                    span: Span {
                                        start: 9,
                                        end: 12,
                                    },
                                },
                                arguments: None,
                            },
                        ],
                    },
                    AttributeGroup {
                        id: 12,
                        span: Span {
                            start: 14,
                            end: 25,
                        },
                        members: [
                            Attribute {
                                id: 9,
                                span: Span {
                                    start: 16,
                                    end: 20,
                                },
                                name: Name {
                                    id: 8,
                                    kind: Resolved(
                                        ResolvedName {
                                            id: 8,
                                            span: Span {
                                                start: 16,
                                                end: 19,
                                            },
                                            resolved: "Baz",
                                            original: "Baz",
                                        },
                                    ),
                                    span: Span {
                                        start: 16,
                                        end: 19,
                                    },
                                },
                                arguments: None,
                            },
                            Attribute {
                                id: 11,
                                span: Span {
                                    start: 21,
                                    end: 25,
                                },
                                name: Name {
                                    id: 10,
                                    kind: Resolved(
                                        ResolvedName {
                                            id: 10,
                                            span: Span {
                                                start: 21,
                                                end: 24,
                                            },
                                            resolved: "Qux",
                                            original: "Qux",
                                        },
                                    ),
                                    span: Span {
                                        start: 21,
                                        end: 24,
                                    },
                                },
                                arguments: None,
                            },
                        ],
                    },
                ],
                modifiers: ClassModifierGroup {
                    id: 13,
                    span: Span {
                        start: 0,
                        end: 0,
                    },
                    modifiers: [],
                },
                class: Span {
                    start: 26,
                    end: 31,
                },
                name: Name {
                    id: 14,
                    kind: Resolved(
                        ResolvedName {
                            id: 14,
                            span: Span {
                                start: 32,
                                end: 35,
                            },
                            resolved: "Foo",
                            original: "Foo",
                        },
                    ),
                    span: Span {
                        start: 32,
                        end: 35,
                    },
                },
                extends: None,
                implements: None,
                body: ClassBody {
                    id: 15,
                    span: Span {
                        start: 36,
                        end: 44,
                    },
                    left_brace: Span {
                        start: 36,
                        end: 37,
                    },
                    members: [],
                    right_brace: Span {
                        start: 43,
                        end: 44,
                    },
                },
            },
        ),
        span: Span {
            start: 26,
            end: 44,
        },
        comments: CommentGroup {
            id: 4,
            comments: [],
        },
    },
]
---
