[
    Statement {
        id: 3,
        kind: FullOpeningTag(
            FullOpeningTagStatement {
                id: 2,
                span: Span {
                    start: 0,
                    end: 5,
                },
            },
        ),
        span: Span {
            start: 0,
            end: 5,
        },
        comments: CommentGroup {
            id: 1,
            comments: [],
        },
    },
    Statement {
        id: 16,
        kind: Class(
            ClassStatement {
                id: 15,
                span: Span {
                    start: 7,
                    end: 61,
                },
                attributes: [],
                modifiers: ClassModifierGroup {
                    id: 5,
                    span: Span {
                        start: 0,
                        end: 0,
                    },
                    modifiers: [],
                },
                class: Span {
                    start: 7,
                    end: 12,
                },
                name: Name {
                    id: 6,
                    kind: Resolved(
                        ResolvedName {
                            id: 6,
                            span: Span {
                                start: 13,
                                end: 16,
                            },
                            resolved: "Foo",
                            original: "Foo",
                        },
                    ),
                    span: Span {
                        start: 13,
                        end: 16,
                    },
                },
                extends: None,
                implements: None,
                body: ClassBody {
                    id: 14,
                    span: Span {
                        start: 17,
                        end: 61,
                    },
                    left_brace: Span {
                        start: 17,
                        end: 18,
                    },
                    members: [
                        TraitUsage(
                            TraitUsage {
                                id: 13,
                                span: Span {
                                    start: 23,
                                    end: 52,
                                },
                                use: Span {
                                    start: 23,
                                    end: 26,
                                },
                                traits: [
                                    Name {
                                        id: 7,
                                        kind: Resolved(
                                            ResolvedName {
                                                id: 7,
                                                span: Span {
                                                    start: 27,
                                                    end: 30,
                                                },
                                                resolved: "Bar",
                                                original: "Bar",
                                            },
                                        ),
                                        span: Span {
                                            start: 27,
                                            end: 30,
                                        },
                                    },
                                ],
                                adaptations: [
                                    TraitUsageAdaptation {
                                        id: 11,
                                        span: Span {
                                            start: 41,
                                            end: 52,
                                        },
                                        kind: Alias(
                                            TraitUsageAdaptationAlias {
                                                id: 12,
                                                span: Span {
                                                    start: 41,
                                                    end: 52,
                                                },
                                                trait: Some(
                                                    Name {
                                                        id: 8,
                                                        kind: Resolved(
                                                            ResolvedName {
                                                                id: 8,
                                                                span: Span {
                                                                    start: 41,
                                                                    end: 44,
                                                                },
                                                                resolved: "Bar",
                                                                original: "Bar",
                                                            },
                                                        ),
                                                        span: Span {
                                                            start: 41,
                                                            end: 44,
                                                        },
                                                    },
                                                ),
                                                method: SimpleIdentifier {
                                                    id: 9,
                                                    symbol: "a",
                                                    span: Span {
                                                        start: 46,
                                                        end: 47,
                                                    },
                                                },
                                                alias: SimpleIdentifier {
                                                    id: 10,
                                                    symbol: "b",
                                                    span: Span {
                                                        start: 51,
                                                        end: 52,
                                                    },
                                                },
                                                visibility: None,
                                            },
                                        ),
                                    },
                                ],
                            },
                        ),
                    ],
                    right_brace: Span {
                        start: 60,
                        end: 61,
                    },
                },
            },
        ),
        span: Span {
            start: 7,
            end: 61,
        },
        comments: CommentGroup {
            id: 4,
            comments: [],
        },
    },
]
---
