[
    Statement {
        id: 3,
        kind: FullOpeningTag(
            FullOpeningTagStatement {
                id: 2,
                span: Span {
                    start: 0,
                    end: 5,
                },
            },
        ),
        span: Span {
            start: 0,
            end: 5,
        },
        comments: CommentGroup {
            id: 1,
            comments: [],
        },
    },
    Statement {
        id: 11,
        kind: Class(
            ClassStatement {
                id: 10,
                span: Span {
                    start: 7,
                    end: 32,
                },
                attributes: [],
                modifiers: ClassModifierGroup {
                    id: 5,
                    span: Span {
                        start: 0,
                        end: 0,
                    },
                    modifiers: [],
                },
                class: Span {
                    start: 7,
                    end: 12,
                },
                name: Name {
                    id: 6,
                    kind: Resolved(
                        ResolvedName {
                            id: 6,
                            span: Span {
                                start: 13,
                                end: 14,
                            },
                            resolved: "A",
                            original: "A",
                        },
                    ),
                    span: Span {
                        start: 13,
                        end: 14,
                    },
                },
                extends: None,
                implements: Some(
                    ClassImplements {
                        id: 8,
                        span: Span {
                            start: 15,
                            end: 29,
                        },
                        implements: Span {
                            start: 15,
                            end: 25,
                        },
                        interfaces: CommaSeparated {
                            inner: [
                                Name {
                                    id: 7,
                                    kind: Resolved(
                                        ResolvedName {
                                            id: 7,
                                            span: Span {
                                                start: 26,
                                                end: 29,
                                            },
                                            resolved: "Foo",
                                            original: "Foo",
                                        },
                                    ),
                                    span: Span {
                                        start: 26,
                                        end: 29,
                                    },
                                },
                            ],
                            commas: [],
                        },
                    },
                ),
                body: ClassBody {
                    id: 9,
                    span: Span {
                        start: 30,
                        end: 32,
                    },
                    left_brace: Span {
                        start: 30,
                        end: 31,
                    },
                    members: [],
                    right_brace: Span {
                        start: 31,
                        end: 32,
                    },
                },
            },
        ),
        span: Span {
            start: 7,
            end: 32,
        },
        comments: CommentGroup {
            id: 4,
            comments: [],
        },
    },
]
---
