[
    Statement {
        id: 3,
        kind: FullOpeningTag(
            FullOpeningTagStatement {
                id: 2,
                span: Span {
                    start: 0,
                    end: 5,
                },
            },
        ),
        span: Span {
            start: 0,
            end: 5,
        },
        comments: CommentGroup {
            id: 1,
            comments: [],
        },
    },
    Statement {
        id: 11,
        kind: Class(
            ClassStatement {
                id: 10,
                span: Span {
                    start: 7,
                    end: 31,
                },
                attributes: [],
                modifiers: ClassModifierGroup {
                    id: 5,
                    span: Span {
                        start: 0,
                        end: 0,
                    },
                    modifiers: [],
                },
                class: Span {
                    start: 7,
                    end: 12,
                },
                name: Name {
                    id: 6,
                    kind: Resolved(
                        ResolvedName {
                            id: 6,
                            span: Span {
                                start: 13,
                                end: 16,
                            },
                            resolved: "Foo",
                            original: "Foo",
                        },
                    ),
                    span: Span {
                        start: 13,
                        end: 16,
                    },
                },
                extends: Some(
                    ClassExtends {
                        id: 8,
                        span: Span {
                            start: 17,
                            end: 28,
                        },
                        extends: Span {
                            start: 17,
                            end: 24,
                        },
                        parent: Name {
                            id: 7,
                            kind: Resolved(
                                ResolvedName {
                                    id: 7,
                                    span: Span {
                                        start: 25,
                                        end: 28,
                                    },
                                    resolved: "Bar",
                                    original: "Bar",
                                },
                            ),
                            span: Span {
                                start: 25,
                                end: 28,
                            },
                        },
                    },
                ),
                implements: None,
                body: ClassBody {
                    id: 9,
                    span: Span {
                        start: 29,
                        end: 31,
                    },
                    left_brace: Span {
                        start: 29,
                        end: 30,
                    },
                    members: [],
                    right_brace: Span {
                        start: 30,
                        end: 31,
                    },
                },
            },
        ),
        span: Span {
            start: 7,
            end: 31,
        },
        comments: CommentGroup {
            id: 4,
            comments: [],
        },
    },
]
---
