[
    Statement {
        id: 3,
        kind: FullOpeningTag(
            FullOpeningTagStatement {
                id: 2,
                span: Span {
                    start: 0,
                    end: 5,
                },
            },
        ),
        span: Span {
            start: 0,
            end: 5,
        },
        comments: CommentGroup {
            id: 1,
            comments: [],
        },
    },
    Statement {
        id: 33,
        kind: Class(
            ClassStatement {
                id: 32,
                span: Span {
                    start: 7,
                    end: 96,
                },
                attributes: [],
                modifiers: ClassModifierGroup {
                    id: 5,
                    span: Span {
                        start: 0,
                        end: 0,
                    },
                    modifiers: [],
                },
                class: Span {
                    start: 7,
                    end: 12,
                },
                name: Name {
                    id: 6,
                    kind: Resolved(
                        ResolvedName {
                            id: 6,
                            span: Span {
                                start: 13,
                                end: 16,
                            },
                            resolved: "Foo",
                            original: "Foo",
                        },
                    ),
                    span: Span {
                        start: 13,
                        end: 16,
                    },
                },
                extends: None,
                implements: None,
                body: ClassBody {
                    id: 31,
                    span: Span {
                        start: 17,
                        end: 96,
                    },
                    left_brace: Span {
                        start: 17,
                        end: 18,
                    },
                    members: [
                        VariableProperty(
                            VariableProperty {
                                id: 10,
                                span: Span {
                                    start: 27,
                                    end: 29,
                                },
                                attributes: [],
                                type: None,
                                entries: [
                                    PropertyEntry {
                                        id: 8,
                                        span: Span {
                                            start: 27,
                                            end: 29,
                                        },
                                        kind: Uninitialized(
                                            UninitializedPropertyEntry {
                                                id: 9,
                                                span: Span {
                                                    start: 27,
                                                    end: 29,
                                                },
                                                variable: SimpleVariable {
                                                    id: 7,
                                                    symbol: "$a",
                                                    stripped: "a",
                                                    span: Span {
                                                        start: 27,
                                                        end: 29,
                                                    },
                                                },
                                            },
                                        ),
                                    },
                                ],
                                end: Span {
                                    start: 29,
                                    end: 30,
                                },
                            },
                        ),
                        Property(
                            Property {
                                id: 15,
                                span: Span {
                                    start: 42,
                                    end: 44,
                                },
                                attributes: [],
                                modifiers: PropertyModifierGroup {
                                    id: 11,
                                    span: Span {
                                        start: 35,
                                        end: 41,
                                    },
                                    modifiers: [
                                        Public(
                                            Span {
                                                start: 35,
                                                end: 41,
                                            },
                                        ),
                                    ],
                                },
                                type: None,
                                entries: [
                                    PropertyEntry {
                                        id: 13,
                                        span: Span {
                                            start: 42,
                                            end: 44,
                                        },
                                        kind: Uninitialized(
                                            UninitializedPropertyEntry {
                                                id: 14,
                                                span: Span {
                                                    start: 42,
                                                    end: 44,
                                                },
                                                variable: SimpleVariable {
                                                    id: 12,
                                                    symbol: "$b",
                                                    stripped: "b",
                                                    span: Span {
                                                        start: 42,
                                                        end: 44,
                                                    },
                                                },
                                            },
                                        ),
                                    },
                                ],
                                end: Span {
                                    start: 44,
                                    end: 45,
                                },
                            },
                        ),
                        Property(
                            Property {
                                id: 20,
                                span: Span {
                                    start: 60,
                                    end: 62,
                                },
                                attributes: [],
                                modifiers: PropertyModifierGroup {
                                    id: 16,
                                    span: Span {
                                        start: 50,
                                        end: 59,
                                    },
                                    modifiers: [
                                        Protected(
                                            Span {
                                                start: 50,
                                                end: 59,
                                            },
                                        ),
                                    ],
                                },
                                type: None,
                                entries: [
                                    PropertyEntry {
                                        id: 18,
                                        span: Span {
                                            start: 60,
                                            end: 62,
                                        },
                                        kind: Uninitialized(
                                            UninitializedPropertyEntry {
                                                id: 19,
                                                span: Span {
                                                    start: 60,
                                                    end: 62,
                                                },
                                                variable: SimpleVariable {
                                                    id: 17,
                                                    symbol: "$c",
                                                    stripped: "c",
                                                    span: Span {
                                                        start: 60,
                                                        end: 62,
                                                    },
                                                },
                                            },
                                        ),
                                    },
                                ],
                                end: Span {
                                    start: 62,
                                    end: 63,
                                },
                            },
                        ),
                        Property(
                            Property {
                                id: 25,
                                span: Span {
                                    start: 76,
                                    end: 78,
                                },
                                attributes: [],
                                modifiers: PropertyModifierGroup {
                                    id: 21,
                                    span: Span {
                                        start: 68,
                                        end: 75,
                                    },
                                    modifiers: [
                                        Private(
                                            Span {
                                                start: 68,
                                                end: 75,
                                            },
                                        ),
                                    ],
                                },
                                type: None,
                                entries: [
                                    PropertyEntry {
                                        id: 23,
                                        span: Span {
                                            start: 76,
                                            end: 78,
                                        },
                                        kind: Uninitialized(
                                            UninitializedPropertyEntry {
                                                id: 24,
                                                span: Span {
                                                    start: 76,
                                                    end: 78,
                                                },
                                                variable: SimpleVariable {
                                                    id: 22,
                                                    symbol: "$d",
                                                    stripped: "d",
                                                    span: Span {
                                                        start: 76,
                                                        end: 78,
                                                    },
                                                },
                                            },
                                        ),
                                    },
                                ],
                                end: Span {
                                    start: 78,
                                    end: 79,
                                },
                            },
                        ),
                        Property(
                            Property {
                                id: 30,
                                span: Span {
                                    start: 91,
                                    end: 93,
                                },
                                attributes: [],
                                modifiers: PropertyModifierGroup {
                                    id: 26,
                                    span: Span {
                                        start: 84,
                                        end: 90,
                                    },
                                    modifiers: [
                                        Static(
                                            Span {
                                                start: 84,
                                                end: 90,
                                            },
                                        ),
                                    ],
                                },
                                type: None,
                                entries: [
                                    PropertyEntry {
                                        id: 28,
                                        span: Span {
                                            start: 91,
                                            end: 93,
                                        },
                                        kind: Uninitialized(
                                            UninitializedPropertyEntry {
                                                id: 29,
                                                span: Span {
                                                    start: 91,
                                                    end: 93,
                                                },
                                                variable: SimpleVariable {
                                                    id: 27,
                                                    symbol: "$e",
                                                    stripped: "e",
                                                    span: Span {
                                                        start: 91,
                                                        end: 93,
                                                    },
                                                },
                                            },
                                        ),
                                    },
                                ],
                                end: Span {
                                    start: 93,
                                    end: 94,
                                },
                            },
                        ),
                    ],
                    right_brace: Span {
                        start: 95,
                        end: 96,
                    },
                },
            },
        ),
        span: Span {
            start: 7,
            end: 96,
        },
        comments: CommentGroup {
            id: 4,
            comments: [],
        },
    },
]
---
