[
    Statement {
        id: 3,
        kind: FullOpeningTag(
            FullOpeningTagStatement {
                id: 2,
                span: Span {
                    start: 0,
                    end: 5,
                },
            },
        ),
        span: Span {
            start: 0,
            end: 5,
        },
        comments: CommentGroup {
            id: 1,
            comments: [],
        },
    },
    Statement {
        id: 14,
        kind: Expression(
            ExpressionStatement {
                id: 13,
                span: Span {
                    start: 7,
                    end: 19,
                },
                expression: Expression {
                    id: 11,
                    kind: Clone(
                        CloneExpression {
                            id: 12,
                            span: Span {
                                start: 7,
                                end: 18,
                            },
                            clone: Span {
                                start: 7,
                                end: 12,
                            },
                            target: Expression {
                                id: 10,
                                kind: FunctionCall(
                                    FunctionCallExpression {
                                        id: 9,
                                        span: Span {
                                            start: 13,
                                            end: 18,
                                        },
                                        target: Expression {
                                            id: 6,
                                            kind: Name(
                                                Name {
                                                    id: 5,
                                                    kind: Resolved(
                                                        ResolvedName {
                                                            id: 5,
                                                            span: Span {
                                                                start: 13,
                                                                end: 16,
                                                            },
                                                            resolved: "foo",
                                                            original: "foo",
                                                        },
                                                    ),
                                                    span: Span {
                                                        start: 13,
                                                        end: 16,
                                                    },
                                                },
                                            ),
                                            span: Span {
                                                start: 13,
                                                end: 16,
                                            },
                                            comments: CommentGroup {
                                                id: 0,
                                                comments: [],
                                            },
                                        },
                                        arguments: ArgumentList {
                                            id: 8,
                                            span: Span {
                                                start: 16,
                                                end: 18,
                                            },
                                            comments: CommentGroup {
                                                id: 7,
                                                comments: [],
                                            },
                                            left_parenthesis: Span {
                                                start: 16,
                                                end: 17,
                                            },
                                            arguments: [],
                                            right_parenthesis: Span {
                                                start: 17,
                                                end: 18,
                                            },
                                        },
                                    },
                                ),
                                span: Span {
                                    start: 16,
                                    end: 18,
                                },
                                comments: CommentGroup {
                                    id: 0,
                                    comments: [],
                                },
                            },
                        },
                    ),
                    span: Span {
                        start: 7,
                        end: 18,
                    },
                    comments: CommentGroup {
                        id: 0,
                        comments: [],
                    },
                },
                ending: Semicolon(
                    Span {
                        start: 18,
                        end: 19,
                    },
                ),
            },
        ),
        span: Span {
            start: 7,
            end: 19,
        },
        comments: CommentGroup {
            id: 4,
            comments: [],
        },
    },
]
---
