[
    Statement {
        id: 3,
        kind: FullOpeningTag(
            FullOpeningTagStatement {
                id: 2,
                span: Span {
                    start: 0,
                    end: 5,
                },
            },
        ),
        span: Span {
            start: 0,
            end: 5,
        },
        comments: CommentGroup {
            id: 1,
            comments: [],
        },
    },
    Statement {
        id: 12,
        kind: Expression(
            ExpressionStatement {
                id: 11,
                span: Span {
                    start: 13,
                    end: 15,
                },
                expression: Expression {
                    id: 10,
                    kind: AssignmentOperation(
                        AssignmentOperationExpression {
                            id: 9,
                            span: Span {
                                start: 7,
                                end: 14,
                            },
                            left: Expression {
                                id: 5,
                                kind: Variable(
                                    SimpleVariable(
                                        SimpleVariable {
                                            id: 6,
                                            symbol: "$a",
                                            stripped: "a",
                                            span: Span {
                                                start: 7,
                                                end: 9,
                                            },
                                        },
                                    ),
                                ),
                                span: Span {
                                    start: 7,
                                    end: 9,
                                },
                                comments: CommentGroup {
                                    id: 0,
                                    comments: [],
                                },
                            },
                            kind: Division(
                                Span {
                                    start: 10,
                                    end: 12,
                                },
                            ),
                            right: Expression {
                                id: 7,
                                kind: Literal(
                                    Literal {
                                        id: 8,
                                        span: Span {
                                            start: 13,
                                            end: 14,
                                        },
                                        kind: Integer,
                                        token: OwnedToken {
                                            kind: LiteralInteger,
                                            span: Span {
                                                start: 13,
                                                end: 14,
                                            },
                                            symbol: "1",
                                        },
                                    },
                                ),
                                span: Span {
                                    start: 13,
                                    end: 14,
                                },
                                comments: CommentGroup {
                                    id: 0,
                                    comments: [],
                                },
                            },
                        },
                    ),
                    span: Span {
                        start: 13,
                        end: 14,
                    },
                    comments: CommentGroup {
                        id: 0,
                        comments: [],
                    },
                },
                ending: Semicolon(
                    Span {
                        start: 14,
                        end: 15,
                    },
                ),
            },
        ),
        span: Span {
            start: 13,
            end: 15,
        },
        comments: CommentGroup {
            id: 4,
            comments: [],
        },
    },
]
---
