[
    Statement {
        id: 3,
        kind: FullOpeningTag(
            FullOpeningTagStatement {
                id: 2,
                span: Span {
                    start: 0,
                    end: 5,
                },
            },
        ),
        span: Span {
            start: 0,
            end: 5,
        },
        comments: CommentGroup {
            id: 1,
            comments: [],
        },
    },
    Statement {
        id: 16,
        kind: DoWhile(
            DoWhileStatement {
                id: 15,
                span: Span {
                    start: 7,
                    end: 37,
                },
                do: Span {
                    start: 7,
                    end: 9,
                },
                body: Statement {
                    id: 12,
                    kind: Block(
                        BlockStatement {
                            id: 11,
                            span: Span {
                                start: 10,
                                end: 26,
                            },
                            left_brace: Span {
                                start: 10,
                                end: 11,
                            },
                            statements: [
                                Statement {
                                    id: 10,
                                    kind: Echo(
                                        EchoStatement {
                                            id: 9,
                                            span: Span {
                                                start: 16,
                                                end: 24,
                                            },
                                            echo: Span {
                                                start: 16,
                                                end: 20,
                                            },
                                            values: [
                                                Expression {
                                                    id: 7,
                                                    kind: Variable(
                                                        SimpleVariable(
                                                            SimpleVariable {
                                                                id: 8,
                                                                symbol: "$a",
                                                                stripped: "a",
                                                                span: Span {
                                                                    start: 21,
                                                                    end: 23,
                                                                },
                                                            },
                                                        ),
                                                    ),
                                                    span: Span {
                                                        start: 21,
                                                        end: 23,
                                                    },
                                                    comments: CommentGroup {
                                                        id: 0,
                                                        comments: [],
                                                    },
                                                },
                                            ],
                                            ending: Semicolon(
                                                Span {
                                                    start: 23,
                                                    end: 24,
                                                },
                                            ),
                                        },
                                    ),
                                    span: Span {
                                        start: 16,
                                        end: 24,
                                    },
                                    comments: CommentGroup {
                                        id: 6,
                                        comments: [],
                                    },
                                },
                            ],
                            right_brace: Span {
                                start: 25,
                                end: 26,
                            },
                        },
                    ),
                    span: Span {
                        start: 10,
                        end: 26,
                    },
                    comments: CommentGroup {
                        id: 5,
                        comments: [],
                    },
                },
                while: Span {
                    start: 27,
                    end: 32,
                },
                left_parenthesis: Span {
                    start: 33,
                    end: 34,
                },
                condition: Expression {
                    id: 13,
                    kind: Variable(
                        SimpleVariable(
                            SimpleVariable {
                                id: 14,
                                symbol: "$a",
                                stripped: "a",
                                span: Span {
                                    start: 34,
                                    end: 36,
                                },
                            },
                        ),
                    ),
                    span: Span {
                        start: 34,
                        end: 36,
                    },
                    comments: CommentGroup {
                        id: 0,
                        comments: [],
                    },
                },
                right_parenthesis: Span {
                    start: 36,
                    end: 37,
                },
                semicolon: Span {
                    start: 37,
                    end: 38,
                },
            },
        ),
        span: Span {
            start: 7,
            end: 37,
        },
        comments: CommentGroup {
            id: 4,
            comments: [],
        },
    },
]
---
