[
    Statement {
        id: 13,
        kind: FullOpeningTag(
            FullOpeningTagStatement {
                id: 12,
                span: Span {
                    start: 0,
                    end: 5,
                },
            },
        ),
        span: Span {
            start: 0,
            end: 5,
        },
        comments: CommentGroup {
            id: 1,
            comments: [],
        },
    },
    Statement {
        id: 22,
        kind: Function(
            FunctionStatement {
                id: 21,
                span: Span {
                    start: 29,
                    end: 44,
                },
                comments: CommentGroup {
                    id: 15,
                    comments: [],
                },
                attributes: [],
                function: Span {
                    start: 29,
                    end: 37,
                },
                ampersand: None,
                name: Name {
                    id: 16,
                    kind: Resolved(
                        ResolvedName {
                            resolved: "a",
                            original: "a",
                        },
                    ),
                    span: Span {
                        start: 38,
                        end: 39,
                    },
                },
                parameters: FunctionParameterList {
                    id: 18,
                    span: Span {
                        start: 39,
                        end: 41,
                    },
                    comments: CommentGroup {
                        id: 17,
                        comments: [],
                    },
                    left_parenthesis: Span {
                        start: 39,
                        end: 40,
                    },
                    parameters: CommaSeparated {
                        inner: [],
                        commas: [],
                    },
                    right_parenthesis: Span {
                        start: 40,
                        end: 41,
                    },
                },
                return_type: None,
                body: FunctionBody {
                    id: 20,
                    span: Span {
                        start: 42,
                        end: 44,
                    },
                    comments: CommentGroup {
                        id: 19,
                        comments: [],
                    },
                    left_brace: Span {
                        start: 42,
                        end: 43,
                    },
                    statements: [],
                    right_brace: Span {
                        start: 43,
                        end: 44,
                    },
                },
            },
        ),
        span: Span {
            start: 29,
            end: 44,
        },
        comments: CommentGroup {
            id: 14,
            comments: [
                Comment {
                    id: 2,
                    span: Span {
                        start: 7,
                        end: 28,
                    },
                    kind: DocBlock(
                        DocBlockComment {
                            id: 10,
                            span: Span {
                                start: 7,
                                end: 28,
                            },
                            doc: DocBlock {
                                id: 11,
                                span: Span {
                                    start: 7,
                                    end: 28,
                                },
                                nodes: [
                                    Tag(
                                        DocBlockTagNode {
                                            id: 9,
                                            span: Span {
                                                start: 11,
                                                end: 0,
                                            },
                                            tag: Param(
                                                DocBlockParamTag {
                                                    id: 8,
                                                    span: Span {
                                                        start: 11,
                                                        end: 0,
                                                    },
                                                    tag: OwnedToken {
                                                        kind: PhpDocTag,
                                                        span: Span {
                                                            start: 11,
                                                            end: 17,
                                                        },
                                                        symbol: "@param",
                                                    },
                                                    data_type: Some(
                                                        DataType {
                                                            id: 7,
                                                            kind: Union(
                                                                [
                                                                    Intersection(
                                                                        [
                                                                            Named(
                                                                                ResolvedName {
                                                                                    resolved: "A",
                                                                                    original: "A",
                                                                                },
                                                                            ),
                                                                            Named(
                                                                                ResolvedName {
                                                                                    resolved: "B",
                                                                                    original: "B",
                                                                                },
                                                                            ),
                                                                        ],
                                                                    ),
                                                                    Named(
                                                                        ResolvedName {
                                                                            resolved: "C",
                                                                            original: "C",
                                                                        },
                                                                    ),
                                                                ],
                                                            ),
                                                            span: Span {
                                                                start: 0,
                                                                end: 0,
                                                            },
                                                        },
                                                    ),
                                                    ampersand: None,
                                                    ellipsis: None,
                                                    variable: None,
                                                    text: None,
                                                },
                                            ),
                                        },
                                    ),
                                ],
                            },
                        },
                    ),
                },
            ],
        },
    },
]
---
