[
    Statement {
        id: 10,
        kind: FullOpeningTag(
            FullOpeningTagStatement {
                id: 9,
                span: Span {
                    start: 0,
                    end: 5,
                },
            },
        ),
        span: Span {
            start: 0,
            end: 5,
        },
        comments: CommentGroup {
            id: 1,
            comments: [],
        },
    },
    Statement {
        id: 19,
        kind: Expression(
            ExpressionStatement {
                id: 18,
                span: Span {
                    start: 57,
                    end: 60,
                },
                expression: Expression {
                    id: 17,
                    kind: AssignmentOperation(
                        AssignmentOperationExpression {
                            id: 16,
                            span: Span {
                                start: 48,
                                end: 59,
                            },
                            left: Expression {
                                id: 12,
                                kind: Variable(
                                    SimpleVariable(
                                        SimpleVariable {
                                            id: 13,
                                            symbol: "$items",
                                            stripped: "items",
                                            span: Span {
                                                start: 48,
                                                end: 54,
                                            },
                                        },
                                    ),
                                ),
                                span: Span {
                                    start: 48,
                                    end: 54,
                                },
                                comments: CommentGroup {
                                    id: 0,
                                    comments: [],
                                },
                            },
                            kind: Assign(
                                Span {
                                    start: 55,
                                    end: 56,
                                },
                            ),
                            right: Expression {
                                id: 15,
                                kind: Array(
                                    ArrayExpression {
                                        id: 14,
                                        span: Span {
                                            start: 57,
                                            end: 59,
                                        },
                                        kind: Short(
                                            ArrayKindShort {
                                                span: Span {
                                                    start: 57,
                                                    end: 59,
                                                },
                                                left_bracket: Span {
                                                    start: 57,
                                                    end: 58,
                                                },
                                                right_bracket: Span {
                                                    start: 58,
                                                    end: 59,
                                                },
                                            },
                                        ),
                                        items: CommaSeparated {
                                            inner: [],
                                            commas: [],
                                        },
                                    },
                                ),
                                span: Span {
                                    start: 57,
                                    end: 59,
                                },
                                comments: CommentGroup {
                                    id: 0,
                                    comments: [],
                                },
                            },
                        },
                    ),
                    span: Span {
                        start: 57,
                        end: 59,
                    },
                    comments: CommentGroup {
                        id: 0,
                        comments: [],
                    },
                },
                ending: Semicolon(
                    Span {
                        start: 59,
                        end: 60,
                    },
                ),
            },
        ),
        span: Span {
            start: 57,
            end: 60,
        },
        comments: CommentGroup {
            id: 11,
            comments: [
                Comment {
                    id: 2,
                    span: Span {
                        start: 7,
                        end: 47,
                    },
                    kind: DocBlock(
                        DocBlockComment {
                            id: 7,
                            span: Span {
                                start: 7,
                                end: 47,
                            },
                            doc: DocBlock {
                                id: 8,
                                span: Span {
                                    start: 7,
                                    end: 47,
                                },
                                nodes: [
                                    Tag(
                                        DocBlockTagNode {
                                            id: 6,
                                            span: Span {
                                                start: 11,
                                                end: 0,
                                            },
                                            tag: Var(
                                                DocBlockVarTag {
                                                    id: 5,
                                                    span: Span {
                                                        start: 11,
                                                        end: 0,
                                                    },
                                                    tag: OwnedToken {
                                                        kind: PhpDocTag,
                                                        span: Span {
                                                            start: 11,
                                                            end: 15,
                                                        },
                                                        symbol: "@var",
                                                    },
                                                    data_type: Some(
                                                        DataType {
                                                            id: 4,
                                                            kind: Shaped {
                                                                base: Array,
                                                                items: [
                                                                    ShapeItem {
                                                                        key_name: Some(
                                                                            String(
                                                                                "'a'",
                                                                            ),
                                                                        ),
                                                                        value_type: String,
                                                                        optional: false,
                                                                    },
                                                                    ShapeItem {
                                                                        key_name: Some(
                                                                            String(
                                                                                ""b"",
                                                                            ),
                                                                        ),
                                                                        value_type: Integer,
                                                                        optional: false,
                                                                    },
                                                                ],
                                                                sealed: true,
                                                                unsealed_type: None,
                                                            },
                                                            span: Span {
                                                                start: 0,
                                                                end: 0,
                                                            },
                                                        },
                                                    ),
                                                    variable: None,
                                                    text: None,
                                                },
                                            ),
                                        },
                                    ),
                                ],
                            },
                        },
                    ),
                },
            ],
        },
    },
]
---
