[
    Statement {
        id: 12,
        kind: FullOpeningTag(
            FullOpeningTagStatement {
                id: 11,
                span: Span {
                    start: 0,
                    end: 5,
                },
            },
        ),
        span: Span {
            start: 0,
            end: 5,
        },
        comments: CommentGroup {
            id: 1,
            comments: [],
        },
    },
    Statement {
        id: 18,
        kind: Class(
            ClassStatement {
                id: 17,
                span: Span {
                    start: 36,
                    end: 46,
                },
                attributes: [],
                modifiers: ClassModifierGroup {
                    id: 14,
                    span: Span {
                        start: 0,
                        end: 0,
                    },
                    modifiers: [],
                },
                class: Span {
                    start: 36,
                    end: 41,
                },
                name: Name {
                    id: 15,
                    kind: Resolved(
                        ResolvedName {
                            resolved: "A",
                            original: "A",
                        },
                    ),
                    span: Span {
                        start: 42,
                        end: 43,
                    },
                },
                extends: None,
                implements: None,
                body: ClassBody {
                    id: 16,
                    span: Span {
                        start: 44,
                        end: 46,
                    },
                    left_brace: Span {
                        start: 44,
                        end: 45,
                    },
                    members: [],
                    right_brace: Span {
                        start: 45,
                        end: 46,
                    },
                },
            },
        ),
        span: Span {
            start: 36,
            end: 46,
        },
        comments: CommentGroup {
            id: 13,
            comments: [
                Comment {
                    id: 2,
                    span: Span {
                        start: 7,
                        end: 35,
                    },
                    kind: DocBlock(
                        DocBlockComment {
                            id: 9,
                            span: Span {
                                start: 7,
                                end: 35,
                            },
                            doc: DocBlock {
                                id: 10,
                                span: Span {
                                    start: 7,
                                    end: 35,
                                },
                                nodes: [
                                    Tag(
                                        DocBlockTagNode {
                                            id: 8,
                                            span: Span {
                                                start: 11,
                                                end: 0,
                                            },
                                            tag: Template(
                                                DocBlockTemplateTag {
                                                    id: 7,
                                                    span: Span {
                                                        start: 11,
                                                        end: 0,
                                                    },
                                                    tag: OwnedToken {
                                                        kind: PhpDocTag,
                                                        span: Span {
                                                            start: 11,
                                                            end: 20,
                                                        },
                                                        symbol: "@template",
                                                    },
                                                    value: DocBlockTemplateTagValue {
                                                        id: 6,
                                                        span: Span {
                                                            start: 21,
                                                            end: 0,
                                                        },
                                                        template: SimpleIdentifier {
                                                            id: 4,
                                                            symbol: "T",
                                                            span: Span {
                                                                start: 21,
                                                                end: 22,
                                                            },
                                                        },
                                                        bound: Some(
                                                            DataType {
                                                                id: 5,
                                                                kind: String,
                                                                span: Span {
                                                                    start: 0,
                                                                    end: 0,
                                                                },
                                                            },
                                                        ),
                                                        default: None,
                                                        lower_bound: None,
                                                        description: None,
                                                    },
                                                },
                                            ),
                                        },
                                    ),
                                ],
                            },
                        },
                    ),
                },
            ],
        },
    },
]
---
