[
    Statement {
        id: 3,
        kind: FullOpeningTag(
            FullOpeningTagStatement {
                id: 2,
                span: Span {
                    start: 0,
                    end: 5,
                },
            },
        ),
        span: Span {
            start: 0,
            end: 5,
        },
        comments: CommentGroup {
            id: 1,
            comments: [],
        },
    },
    Statement {
        id: 13,
        kind: Expression(
            ExpressionStatement {
                id: 12,
                span: Span {
                    start: 10,
                    end: 19,
                },
                expression: Expression {
                    id: 11,
                    kind: ConstantFetch(
                        ConstantFetchExpression {
                            id: 10,
                            span: Span {
                                start: 7,
                                end: 18,
                            },
                            target: Expression {
                                id: 6,
                                kind: Name(
                                    Name {
                                        id: 5,
                                        kind: Resolved(
                                            ResolvedName {
                                                id: 5,
                                                span: Span {
                                                    start: 7,
                                                    end: 10,
                                                },
                                                resolved: "Foo",
                                                original: "Foo",
                                            },
                                        ),
                                        span: Span {
                                            start: 7,
                                            end: 10,
                                        },
                                    },
                                ),
                                span: Span {
                                    start: 7,
                                    end: 10,
                                },
                                comments: CommentGroup {
                                    id: 0,
                                    comments: [],
                                },
                            },
                            double_colon: Span {
                                start: 10,
                                end: 12,
                            },
                            constant: DynamicIdentifier(
                                DynamicIdentifier {
                                    id: 9,
                                    span: Span {
                                        start: 12,
                                        end: 18,
                                    },
                                    expr: Expression {
                                        id: 7,
                                        kind: Variable(
                                            SimpleVariable(
                                                SimpleVariable {
                                                    id: 8,
                                                    symbol: "$foo",
                                                    stripped: "foo",
                                                    span: Span {
                                                        start: 13,
                                                        end: 17,
                                                    },
                                                },
                                            ),
                                        ),
                                        span: Span {
                                            start: 13,
                                            end: 17,
                                        },
                                        comments: CommentGroup {
                                            id: 0,
                                            comments: [],
                                        },
                                    },
                                },
                            ),
                        },
                    ),
                    span: Span {
                        start: 10,
                        end: 18,
                    },
                    comments: CommentGroup {
                        id: 0,
                        comments: [],
                    },
                },
                ending: Semicolon(
                    Span {
                        start: 18,
                        end: 19,
                    },
                ),
            },
        ),
        span: Span {
            start: 10,
            end: 19,
        },
        comments: CommentGroup {
            id: 4,
            comments: [],
        },
    },
]
---
