[
    Statement {
        id: 3,
        kind: EchoOpeningTag(
            EchoOpeningTagStatement {
                id: 2,
                span: Span {
                    start: 0,
                    end: 3,
                },
            },
        ),
        span: Span {
            start: 0,
            end: 3,
        },
        comments: CommentGroup {
            id: 1,
            comments: [],
        },
    },
    Statement {
        id: 6,
        kind: ClosingTag(
            ClosingTagStatement {
                id: 5,
                span: Span {
                    start: 5,
                    end: 7,
                },
            },
        ),
        span: Span {
            start: 5,
            end: 7,
        },
        comments: CommentGroup {
            id: 4,
            comments: [],
        },
    },
]
---
