[
    Statement {
        id: 3,
        kind: FullOpeningTag(
            FullOpeningTagStatement {
                id: 2,
                span: Span {
                    start: 0,
                    end: 5,
                },
            },
        ),
        span: Span {
            start: 0,
            end: 5,
        },
        comments: CommentGroup {
            id: 1,
            comments: [],
        },
    },
    Statement {
        id: 8,
        kind: Expression(
            ExpressionStatement {
                id: 7,
                span: Span {
                    start: 7,
                    end: 21,
                },
                expression: Expression {
                    id: 5,
                    kind: Nowdoc(
                        NowdocExpression {
                            id: 6,
                            span: Span {
                                start: 7,
                                end: 20,
                            },
                            label: Token {
                                kind: StartNowdoc,
                                span: Span {
                                    start: 7,
                                    end: 16,
                                },
                                symbol: Some(
                                    "<<<'TXT'\n",
                                ),
                            },
                            value: Token {
                                kind: StringPart,
                                span: Span {
                                    start: 16,
                                    end: 16,
                                },
                                symbol: Some(
                                    "",
                                ),
                            },
                        },
                    ),
                    span: Span {
                        start: 7,
                        end: 20,
                    },
                    comments: CommentGroup {
                        id: 0,
                        comments: [],
                    },
                },
                ending: Semicolon(
                    Span {
                        start: 20,
                        end: 21,
                    },
                ),
            },
        ),
        span: Span {
            start: 7,
            end: 21,
        },
        comments: CommentGroup {
            id: 4,
            comments: [],
        },
    },
]
---
