[
    Statement {
        id: 3,
        kind: FullOpeningTag(
            FullOpeningTagStatement {
                id: 2,
                span: Span {
                    start: 0,
                    end: 5,
                },
            },
        ),
        span: Span {
            start: 0,
            end: 5,
        },
        comments: CommentGroup {
            id: 1,
            comments: [],
        },
    },
    Statement {
        id: 11,
        kind: UnitEnum(
            UnitEnumStatement {
                id: 10,
                span: Span {
                    start: 14,
                    end: 31,
                },
                attributes: [
                    AttributeGroup {
                        id: 7,
                        span: Span {
                            start: 7,
                            end: 13,
                        },
                        members: [
                            Attribute {
                                id: 6,
                                span: Span {
                                    start: 9,
                                    end: 13,
                                },
                                name: Name {
                                    id: 5,
                                    kind: Resolved(
                                        ResolvedName {
                                            id: 5,
                                            span: Span {
                                                start: 9,
                                                end: 12,
                                            },
                                            resolved: "Bar",
                                            original: "Bar",
                                        },
                                    ),
                                    span: Span {
                                        start: 9,
                                        end: 12,
                                    },
                                },
                                arguments: None,
                            },
                        ],
                    },
                ],
                enum: Span {
                    start: 14,
                    end: 18,
                },
                name: Name {
                    id: 8,
                    kind: Resolved(
                        ResolvedName {
                            id: 8,
                            span: Span {
                                start: 19,
                                end: 22,
                            },
                            resolved: "Foo",
                            original: "Foo",
                        },
                    ),
                    span: Span {
                        start: 19,
                        end: 22,
                    },
                },
                implements: [],
                body: UnitEnumBody {
                    id: 9,
                    span: Span {
                        start: 23,
                        end: 31,
                    },
                    left_brace: Span {
                        start: 23,
                        end: 24,
                    },
                    members: [],
                    right_brace: Span {
                        start: 30,
                        end: 31,
                    },
                },
            },
        ),
        span: Span {
            start: 14,
            end: 31,
        },
        comments: CommentGroup {
            id: 4,
            comments: [],
        },
    },
]
---
