[
    Statement {
        id: 3,
        kind: FullOpeningTag(
            FullOpeningTagStatement {
                id: 2,
                span: Span {
                    start: 0,
                    end: 5,
                },
            },
        ),
        span: Span {
            start: 0,
            end: 5,
        },
        comments: CommentGroup {
            id: 1,
            comments: [],
        },
    },
    Statement {
        id: 34,
        kind: For(
            ForStatement {
                id: 33,
                span: Span {
                    start: 7,
                    end: 51,
                },
                for: Span {
                    start: 7,
                    end: 10,
                },
                left_parenthesis: Span {
                    start: 11,
                    end: 12,
                },
                iterator: ForStatementIterator {
                    id: 23,
                    span: Span {
                        start: 17,
                        end: 33,
                    },
                    initializations: CommaSeparated {
                        inner: [
                            Expression {
                                id: 10,
                                kind: AssignmentOperation(
                                    AssignmentOperationExpression {
                                        id: 9,
                                        span: Span {
                                            start: 12,
                                            end: 18,
                                        },
                                        left: Expression {
                                            id: 5,
                                            kind: Variable(
                                                SimpleVariable(
                                                    SimpleVariable {
                                                        id: 6,
                                                        symbol: "$i",
                                                        stripped: "i",
                                                        span: Span {
                                                            start: 12,
                                                            end: 14,
                                                        },
                                                    },
                                                ),
                                            ),
                                            span: Span {
                                                start: 12,
                                                end: 14,
                                            },
                                            comments: CommentGroup {
                                                id: 0,
                                                comments: [],
                                            },
                                        },
                                        kind: Assign(
                                            Span {
                                                start: 15,
                                                end: 16,
                                            },
                                        ),
                                        right: Expression {
                                            id: 7,
                                            kind: Literal(
                                                Literal {
                                                    id: 8,
                                                    span: Span {
                                                        start: 17,
                                                        end: 18,
                                                    },
                                                    kind: Integer,
                                                    token: OwnedToken {
                                                        kind: LiteralInteger,
                                                        span: Span {
                                                            start: 17,
                                                            end: 18,
                                                        },
                                                        symbol: "0",
                                                    },
                                                },
                                            ),
                                            span: Span {
                                                start: 17,
                                                end: 18,
                                            },
                                            comments: CommentGroup {
                                                id: 0,
                                                comments: [],
                                            },
                                        },
                                    },
                                ),
                                span: Span {
                                    start: 17,
                                    end: 18,
                                },
                                comments: CommentGroup {
                                    id: 0,
                                    comments: [],
                                },
                            },
                        ],
                        commas: [],
                    },
                    initializations_semicolon: Span {
                        start: 18,
                        end: 19,
                    },
                    conditions: CommaSeparated {
                        inner: [
                            Expression {
                                id: 17,
                                kind: ComparisonOperation(
                                    ComparisonOperationExpression {
                                        id: 15,
                                        span: Span {
                                            start: 20,
                                            end: 27,
                                        },
                                        kind: LessThan {
                                            id: 16,
                                            left: Expression {
                                                id: 11,
                                                kind: Variable(
                                                    SimpleVariable(
                                                        SimpleVariable {
                                                            id: 12,
                                                            symbol: "$i",
                                                            stripped: "i",
                                                            span: Span {
                                                                start: 20,
                                                                end: 22,
                                                            },
                                                        },
                                                    ),
                                                ),
                                                span: Span {
                                                    start: 20,
                                                    end: 22,
                                                },
                                                comments: CommentGroup {
                                                    id: 0,
                                                    comments: [],
                                                },
                                            },
                                            less_than: Span {
                                                start: 23,
                                                end: 24,
                                            },
                                            right: Expression {
                                                id: 13,
                                                kind: Literal(
                                                    Literal {
                                                        id: 14,
                                                        span: Span {
                                                            start: 25,
                                                            end: 27,
                                                        },
                                                        kind: Integer,
                                                        token: OwnedToken {
                                                            kind: LiteralInteger,
                                                            span: Span {
                                                                start: 25,
                                                                end: 27,
                                                            },
                                                            symbol: "10",
                                                        },
                                                    },
                                                ),
                                                span: Span {
                                                    start: 25,
                                                    end: 27,
                                                },
                                                comments: CommentGroup {
                                                    id: 0,
                                                    comments: [],
                                                },
                                            },
                                        },
                                    },
                                ),
                                span: Span {
                                    start: 25,
                                    end: 27,
                                },
                                comments: CommentGroup {
                                    id: 0,
                                    comments: [],
                                },
                            },
                        ],
                        commas: [],
                    },
                    conditions_semicolon: Span {
                        start: 27,
                        end: 28,
                    },
                    loop: CommaSeparated {
                        inner: [
                            Expression {
                                id: 22,
                                kind: ArithmeticOperation(
                                    ArithmeticOperationExpression {
                                        id: 20,
                                        span: Span {
                                            start: 29,
                                            end: 33,
                                        },
                                        kind: PostIncrement {
                                            id: 21,
                                            left: Expression {
                                                id: 18,
                                                kind: Variable(
                                                    SimpleVariable(
                                                        SimpleVariable {
                                                            id: 19,
                                                            symbol: "$i",
                                                            stripped: "i",
                                                            span: Span {
                                                                start: 29,
                                                                end: 31,
                                                            },
                                                        },
                                                    ),
                                                ),
                                                span: Span {
                                                    start: 29,
                                                    end: 31,
                                                },
                                                comments: CommentGroup {
                                                    id: 0,
                                                    comments: [],
                                                },
                                            },
                                            increment: Span {
                                                start: 31,
                                                end: 33,
                                            },
                                        },
                                    },
                                ),
                                span: Span {
                                    start: 31,
                                    end: 33,
                                },
                                comments: CommentGroup {
                                    id: 0,
                                    comments: [],
                                },
                            },
                        ],
                        commas: [],
                    },
                },
                right_parenthesis: Span {
                    start: 33,
                    end: 34,
                },
                body: Statement(
                    ForStatementBodyStatement {
                        id: 32,
                        span: Span {
                            start: 35,
                            end: 51,
                        },
                        statement: Statement {
                            id: 31,
                            kind: Block(
                                BlockStatement {
                                    id: 30,
                                    span: Span {
                                        start: 35,
                                        end: 51,
                                    },
                                    left_brace: Span {
                                        start: 35,
                                        end: 36,
                                    },
                                    statements: [
                                        Statement {
                                            id: 29,
                                            kind: Echo(
                                                EchoStatement {
                                                    id: 28,
                                                    span: Span {
                                                        start: 41,
                                                        end: 49,
                                                    },
                                                    echo: Span {
                                                        start: 41,
                                                        end: 45,
                                                    },
                                                    values: [
                                                        Expression {
                                                            id: 26,
                                                            kind: Variable(
                                                                SimpleVariable(
                                                                    SimpleVariable {
                                                                        id: 27,
                                                                        symbol: "$i",
                                                                        stripped: "i",
                                                                        span: Span {
                                                                            start: 46,
                                                                            end: 48,
                                                                        },
                                                                    },
                                                                ),
                                                            ),
                                                            span: Span {
                                                                start: 46,
                                                                end: 48,
                                                            },
                                                            comments: CommentGroup {
                                                                id: 0,
                                                                comments: [],
                                                            },
                                                        },
                                                    ],
                                                    ending: Semicolon(
                                                        Span {
                                                            start: 48,
                                                            end: 49,
                                                        },
                                                    ),
                                                },
                                            ),
                                            span: Span {
                                                start: 41,
                                                end: 49,
                                            },
                                            comments: CommentGroup {
                                                id: 25,
                                                comments: [],
                                            },
                                        },
                                    ],
                                    right_brace: Span {
                                        start: 50,
                                        end: 51,
                                    },
                                },
                            ),
                            span: Span {
                                start: 35,
                                end: 51,
                            },
                            comments: CommentGroup {
                                id: 24,
                                comments: [],
                            },
                        },
                    },
                ),
            },
        ),
        span: Span {
            start: 7,
            end: 51,
        },
        comments: CommentGroup {
            id: 4,
            comments: [],
        },
    },
]
---
