[
    Statement {
        id: 3,
        kind: FullOpeningTag(
            FullOpeningTagStatement {
                id: 2,
                span: Span {
                    start: 0,
                    end: 5,
                },
            },
        ),
        span: Span {
            start: 0,
            end: 5,
        },
        comments: CommentGroup {
            id: 1,
            comments: [],
        },
    },
    Statement {
        id: 19,
        kind: Foreach(
            ForeachStatement {
                id: 18,
                span: Span {
                    start: 7,
                    end: 52,
                },
                foreach: Span {
                    start: 7,
                    end: 14,
                },
                left_parenthesis: Span {
                    start: 15,
                    end: 16,
                },
                iterator: KeyAndValue(
                    ForeachStatementIteratorKeyAndValue {
                        id: 11,
                        span: Span {
                            start: 16,
                            end: 40,
                        },
                        expression: Expression {
                            id: 5,
                            kind: Variable(
                                SimpleVariable(
                                    SimpleVariable {
                                        id: 6,
                                        symbol: "$array",
                                        stripped: "array",
                                        span: Span {
                                            start: 16,
                                            end: 22,
                                        },
                                    },
                                ),
                            ),
                            span: Span {
                                start: 16,
                                end: 22,
                            },
                            comments: CommentGroup {
                                id: 0,
                                comments: [],
                            },
                        },
                        as: Span {
                            start: 23,
                            end: 25,
                        },
                        ampersand: None,
                        key: Expression {
                            id: 7,
                            kind: Variable(
                                SimpleVariable(
                                    SimpleVariable {
                                        id: 8,
                                        symbol: "$key",
                                        stripped: "key",
                                        span: Span {
                                            start: 26,
                                            end: 30,
                                        },
                                    },
                                ),
                            ),
                            span: Span {
                                start: 26,
                                end: 30,
                            },
                            comments: CommentGroup {
                                id: 0,
                                comments: [],
                            },
                        },
                        double_arrow: Span {
                            start: 31,
                            end: 33,
                        },
                        value: Expression {
                            id: 9,
                            kind: Variable(
                                SimpleVariable(
                                    SimpleVariable {
                                        id: 10,
                                        symbol: "$value",
                                        stripped: "value",
                                        span: Span {
                                            start: 34,
                                            end: 40,
                                        },
                                    },
                                ),
                            ),
                            span: Span {
                                start: 34,
                                end: 40,
                            },
                            comments: CommentGroup {
                                id: 0,
                                comments: [],
                            },
                        },
                    },
                ),
                right_parenthesis: Span {
                    start: 40,
                    end: 41,
                },
                body: Statement(
                    ForeachStatementBodyStatement {
                        id: 17,
                        span: Span {
                            start: 42,
                            end: 52,
                        },
                        statement: Statement {
                            id: 16,
                            kind: Block(
                                BlockStatement {
                                    id: 15,
                                    span: Span {
                                        start: 42,
                                        end: 52,
                                    },
                                    left_brace: Span {
                                        start: 42,
                                        end: 43,
                                    },
                                    statements: [],
                                    right_brace: Span {
                                        start: 51,
                                        end: 52,
                                    },
                                },
                            ),
                            span: Span {
                                start: 42,
                                end: 52,
                            },
                            comments: CommentGroup {
                                id: 12,
                                comments: [],
                            },
                        },
                    },
                ),
            },
        ),
        span: Span {
            start: 7,
            end: 52,
        },
        comments: CommentGroup {
            id: 4,
            comments: [],
        },
    },
]
---
