[
    Statement {
        id: 3,
        kind: InlineHtml(
            InlineHtmlStatement {
                id: 2,
                span: Span {
                    start: 0,
                    end: 47,
                },
                html: Token {
                    kind: InlineHtml,
                    span: Span {
                        start: 0,
                        end: 47,
                    },
                    symbol: Some(
                        "<h1>Hello, world!</h1>\n<h2>Goodbye, world!</h2>",
                    ),
                },
            },
        ),
        span: Span {
            start: 0,
            end: 47,
        },
        comments: CommentGroup {
            id: 1,
            comments: [],
        },
    },
]
---
