[
    Statement {
        id: 3,
        kind: FullOpeningTag(
            FullOpeningTagStatement {
                id: 2,
                span: Span {
                    start: 0,
                    end: 5,
                },
            },
        ),
        span: Span {
            start: 0,
            end: 5,
        },
        comments: CommentGroup {
            id: 1,
            comments: [],
        },
    },
    Statement {
        id: 18,
        kind: If(
            IfStatement {
                id: 17,
                span: Span {
                    start: 7,
                    end: 19,
                },
                if: Span {
                    start: 7,
                    end: 9,
                },
                left_parenthesis: Span {
                    start: 10,
                    end: 11,
                },
                condition: Expression {
                    id: 5,
                    kind: Variable(
                        SimpleVariable(
                            SimpleVariable {
                                id: 6,
                                symbol: "$a",
                                stripped: "a",
                                span: Span {
                                    start: 11,
                                    end: 13,
                                },
                            },
                        ),
                    ),
                    span: Span {
                        start: 11,
                        end: 13,
                    },
                    comments: CommentGroup {
                        id: 0,
                        comments: [],
                    },
                },
                right_parenthesis: Span {
                    start: 13,
                    end: 14,
                },
                body: Statement(
                    IfStatementBodyStatement {
                        id: 16,
                        span: Span {
                            start: 15,
                            end: 19,
                        },
                        statement: Statement {
                            id: 9,
                            kind: Block(
                                BlockStatement {
                                    id: 8,
                                    span: Span {
                                        start: 15,
                                        end: 19,
                                    },
                                    left_brace: Span {
                                        start: 15,
                                        end: 16,
                                    },
                                    statements: [],
                                    right_brace: Span {
                                        start: 18,
                                        end: 19,
                                    },
                                },
                            ),
                            span: Span {
                                start: 15,
                                end: 19,
                            },
                            comments: CommentGroup {
                                id: 7,
                                comments: [],
                            },
                        },
                        elseifs: [
                            IfStatementElseIf {
                                id: 15,
                                span: Span {
                                    start: 20,
                                    end: 40,
                                },
                                elseif: Span {
                                    start: 20,
                                    end: 26,
                                },
                                left_parenthesis: Span {
                                    start: 27,
                                    end: 28,
                                },
                                condition: Expression {
                                    id: 10,
                                    kind: Variable(
                                        SimpleVariable(
                                            SimpleVariable {
                                                id: 11,
                                                symbol: "$b",
                                                stripped: "b",
                                                span: Span {
                                                    start: 28,
                                                    end: 30,
                                                },
                                            },
                                        ),
                                    ),
                                    span: Span {
                                        start: 28,
                                        end: 30,
                                    },
                                    comments: CommentGroup {
                                        id: 0,
                                        comments: [],
                                    },
                                },
                                right_parenthesis: Span {
                                    start: 30,
                                    end: 31,
                                },
                                statement: Statement {
                                    id: 14,
                                    kind: Block(
                                        BlockStatement {
                                            id: 13,
                                            span: Span {
                                                start: 32,
                                                end: 40,
                                            },
                                            left_brace: Span {
                                                start: 32,
                                                end: 33,
                                            },
                                            statements: [],
                                            right_brace: Span {
                                                start: 39,
                                                end: 40,
                                            },
                                        },
                                    ),
                                    span: Span {
                                        start: 32,
                                        end: 40,
                                    },
                                    comments: CommentGroup {
                                        id: 12,
                                        comments: [],
                                    },
                                },
                            },
                        ],
                        else: None,
                    },
                ),
            },
        ),
        span: Span {
            start: 7,
            end: 19,
        },
        comments: CommentGroup {
            id: 4,
            comments: [],
        },
    },
]
---
