[
    Statement {
        id: 3,
        kind: FullOpeningTag(
            FullOpeningTagStatement {
                id: 2,
                span: Span {
                    start: 0,
                    end: 5,
                },
            },
        ),
        span: Span {
            start: 0,
            end: 5,
        },
        comments: CommentGroup {
            id: 1,
            comments: [],
        },
    },
    Statement {
        id: 12,
        kind: If(
            IfStatement {
                id: 11,
                span: Span {
                    start: 7,
                    end: 23,
                },
                if: Span {
                    start: 7,
                    end: 9,
                },
                left_parenthesis: Span {
                    start: 10,
                    end: 11,
                },
                condition: Expression {
                    id: 5,
                    kind: Variable(
                        SimpleVariable(
                            SimpleVariable {
                                id: 6,
                                symbol: "$a",
                                stripped: "a",
                                span: Span {
                                    start: 11,
                                    end: 13,
                                },
                            },
                        ),
                    ),
                    span: Span {
                        start: 11,
                        end: 13,
                    },
                    comments: CommentGroup {
                        id: 0,
                        comments: [],
                    },
                },
                right_parenthesis: Span {
                    start: 13,
                    end: 14,
                },
                body: Statement(
                    IfStatementBodyStatement {
                        id: 10,
                        span: Span {
                            start: 15,
                            end: 23,
                        },
                        statement: Statement {
                            id: 9,
                            kind: Block(
                                BlockStatement {
                                    id: 8,
                                    span: Span {
                                        start: 15,
                                        end: 23,
                                    },
                                    left_brace: Span {
                                        start: 15,
                                        end: 16,
                                    },
                                    statements: [],
                                    right_brace: Span {
                                        start: 22,
                                        end: 23,
                                    },
                                },
                            ),
                            span: Span {
                                start: 15,
                                end: 23,
                            },
                            comments: CommentGroup {
                                id: 7,
                                comments: [],
                            },
                        },
                        elseifs: [],
                        else: None,
                    },
                ),
            },
        ),
        span: Span {
            start: 7,
            end: 23,
        },
        comments: CommentGroup {
            id: 4,
            comments: [],
        },
    },
]
---
