[
    Statement {
        id: 3,
        kind: FullOpeningTag(
            FullOpeningTagStatement {
                id: 2,
                span: Span {
                    start: 0,
                    end: 5,
                },
            },
        ),
        span: Span {
            start: 0,
            end: 5,
        },
        comments: CommentGroup {
            id: 1,
            comments: [],
        },
    },
    Statement {
        id: 20,
        kind: Interface(
            InterfaceStatement {
                id: 19,
                span: Span {
                    start: 7,
                    end: 67,
                },
                attributes: [],
                interface: Span {
                    start: 7,
                    end: 16,
                },
                name: Name {
                    id: 5,
                    kind: Resolved(
                        ResolvedName {
                            id: 5,
                            span: Span {
                                start: 17,
                                end: 20,
                            },
                            resolved: "Foo",
                            original: "Foo",
                        },
                    ),
                    span: Span {
                        start: 17,
                        end: 20,
                    },
                },
                extends: None,
                body: InterfaceBody {
                    id: 18,
                    span: Span {
                        start: 21,
                        end: 67,
                    },
                    left_brace: Span {
                        start: 21,
                        end: 22,
                    },
                    members: [
                        AbstractMethod(
                            AbstractMethod {
                                id: 11,
                                span: Span {
                                    start: 27,
                                    end: 40,
                                },
                                comments: CommentGroup {
                                    id: 7,
                                    comments: [],
                                },
                                attributes: [],
                                modifiers: MethodModifierGroup {
                                    id: 6,
                                    span: Span {
                                        start: 0,
                                        end: 0,
                                    },
                                    modifiers: [],
                                },
                                function: Span {
                                    start: 27,
                                    end: 35,
                                },
                                ampersand: None,
                                name: SimpleIdentifier {
                                    id: 8,
                                    symbol: "a",
                                    span: Span {
                                        start: 36,
                                        end: 37,
                                    },
                                },
                                parameters: FunctionParameterList {
                                    id: 10,
                                    span: Span {
                                        start: 37,
                                        end: 39,
                                    },
                                    comments: CommentGroup {
                                        id: 9,
                                        comments: [],
                                    },
                                    left_parenthesis: Span {
                                        start: 37,
                                        end: 38,
                                    },
                                    parameters: CommaSeparated {
                                        inner: [],
                                        commas: [],
                                    },
                                    right_parenthesis: Span {
                                        start: 38,
                                        end: 39,
                                    },
                                },
                                return_type: None,
                                semicolon: Span {
                                    start: 39,
                                    end: 40,
                                },
                            },
                        ),
                        AbstractMethod(
                            AbstractMethod {
                                id: 17,
                                span: Span {
                                    start: 52,
                                    end: 65,
                                },
                                comments: CommentGroup {
                                    id: 13,
                                    comments: [],
                                },
                                attributes: [],
                                modifiers: MethodModifierGroup {
                                    id: 12,
                                    span: Span {
                                        start: 45,
                                        end: 51,
                                    },
                                    modifiers: [
                                        Public(
                                            Span {
                                                start: 45,
                                                end: 51,
                                            },
                                        ),
                                    ],
                                },
                                function: Span {
                                    start: 52,
                                    end: 60,
                                },
                                ampersand: None,
                                name: SimpleIdentifier {
                                    id: 14,
                                    symbol: "b",
                                    span: Span {
                                        start: 61,
                                        end: 62,
                                    },
                                },
                                parameters: FunctionParameterList {
                                    id: 16,
                                    span: Span {
                                        start: 62,
                                        end: 64,
                                    },
                                    comments: CommentGroup {
                                        id: 15,
                                        comments: [],
                                    },
                                    left_parenthesis: Span {
                                        start: 62,
                                        end: 63,
                                    },
                                    parameters: CommaSeparated {
                                        inner: [],
                                        commas: [],
                                    },
                                    right_parenthesis: Span {
                                        start: 63,
                                        end: 64,
                                    },
                                },
                                return_type: None,
                                semicolon: Span {
                                    start: 64,
                                    end: 65,
                                },
                            },
                        ),
                    ],
                    right_brace: Span {
                        start: 66,
                        end: 67,
                    },
                },
            },
        ),
        span: Span {
            start: 7,
            end: 67,
        },
        comments: CommentGroup {
            id: 4,
            comments: [],
        },
    },
]
---
