[
    Statement {
        id: 3,
        kind: FullOpeningTag(
            FullOpeningTagStatement {
                id: 2,
                span: Span {
                    start: 0,
                    end: 5,
                },
            },
        ),
        span: Span {
            start: 0,
            end: 5,
        },
        comments: CommentGroup {
            id: 1,
            comments: [],
        },
    },
    Statement {
        id: 17,
        kind: Class(
            ClassStatement {
                id: 16,
                span: Span {
                    start: 7,
                    end: 51,
                },
                attributes: [],
                modifiers: ClassModifierGroup {
                    id: 5,
                    span: Span {
                        start: 0,
                        end: 0,
                    },
                    modifiers: [],
                },
                class: Span {
                    start: 7,
                    end: 12,
                },
                name: Name {
                    id: 6,
                    kind: Resolved(
                        ResolvedName {
                            id: 6,
                            span: Span {
                                start: 13,
                                end: 14,
                            },
                            resolved: "A",
                            original: "A",
                        },
                    ),
                    span: Span {
                        start: 13,
                        end: 14,
                    },
                },
                extends: None,
                implements: None,
                body: ClassBody {
                    id: 15,
                    span: Span {
                        start: 15,
                        end: 51,
                    },
                    left_brace: Span {
                        start: 15,
                        end: 16,
                    },
                    members: [
                        ConcreteMethod(
                            ConcreteMethod {
                                id: 14,
                                span: Span {
                                    start: 34,
                                    end: 49,
                                },
                                comments: CommentGroup {
                                    id: 8,
                                    comments: [],
                                },
                                attributes: [],
                                modifiers: MethodModifierGroup {
                                    id: 7,
                                    span: Span {
                                        start: 21,
                                        end: 33,
                                    },
                                    modifiers: [
                                        Final(
                                            Span {
                                                start: 21,
                                                end: 26,
                                            },
                                        ),
                                        Public(
                                            Span {
                                                start: 27,
                                                end: 33,
                                            },
                                        ),
                                    ],
                                },
                                function: Span {
                                    start: 34,
                                    end: 42,
                                },
                                ampersand: None,
                                name: SimpleIdentifier {
                                    id: 9,
                                    symbol: "a",
                                    span: Span {
                                        start: 43,
                                        end: 44,
                                    },
                                },
                                parameters: FunctionParameterList {
                                    id: 11,
                                    span: Span {
                                        start: 44,
                                        end: 46,
                                    },
                                    comments: CommentGroup {
                                        id: 10,
                                        comments: [],
                                    },
                                    left_parenthesis: Span {
                                        start: 44,
                                        end: 45,
                                    },
                                    parameters: CommaSeparated {
                                        inner: [],
                                        commas: [],
                                    },
                                    right_parenthesis: Span {
                                        start: 45,
                                        end: 46,
                                    },
                                },
                                return_type: None,
                                body: MethodBody {
                                    id: 13,
                                    span: Span {
                                        start: 47,
                                        end: 49,
                                    },
                                    comments: CommentGroup {
                                        id: 12,
                                        comments: [],
                                    },
                                    left_brace: Span {
                                        start: 47,
                                        end: 48,
                                    },
                                    statements: [],
                                    right_brace: Span {
                                        start: 48,
                                        end: 49,
                                    },
                                },
                            },
                        ),
                    ],
                    right_brace: Span {
                        start: 50,
                        end: 51,
                    },
                },
            },
        ),
        span: Span {
            start: 7,
            end: 51,
        },
        comments: CommentGroup {
            id: 4,
            comments: [],
        },
    },
]
---
