[
    Statement {
        id: 3,
        kind: FullOpeningTag(
            FullOpeningTagStatement {
                id: 2,
                span: Span {
                    start: 0,
                    end: 5,
                },
            },
        ),
        span: Span {
            start: 0,
            end: 5,
        },
        comments: CommentGroup {
            id: 1,
            comments: [],
        },
    },
    Statement {
        id: 11,
        kind: Expression(
            ExpressionStatement {
                id: 10,
                span: Span {
                    start: 7,
                    end: 11,
                },
                expression: Expression {
                    id: 7,
                    kind: LogicalOperation(
                        LogicalOperationExpression {
                            id: 8,
                            span: Span {
                                start: 7,
                                end: 10,
                            },
                            kind: Not {
                                id: 9,
                                bang: Span {
                                    start: 7,
                                    end: 8,
                                },
                                right: Expression {
                                    id: 5,
                                    kind: Variable(
                                        SimpleVariable(
                                            SimpleVariable {
                                                id: 6,
                                                symbol: "$a",
                                                stripped: "a",
                                                span: Span {
                                                    start: 8,
                                                    end: 10,
                                                },
                                            },
                                        ),
                                    ),
                                    span: Span {
                                        start: 8,
                                        end: 10,
                                    },
                                    comments: CommentGroup {
                                        id: 0,
                                        comments: [],
                                    },
                                },
                            },
                        },
                    ),
                    span: Span {
                        start: 7,
                        end: 10,
                    },
                    comments: CommentGroup {
                        id: 0,
                        comments: [],
                    },
                },
                ending: Semicolon(
                    Span {
                        start: 10,
                        end: 11,
                    },
                ),
            },
        ),
        span: Span {
            start: 7,
            end: 11,
        },
        comments: CommentGroup {
            id: 4,
            comments: [],
        },
    },
]
---
