[
    Statement {
        id: 3,
        kind: FullOpeningTag(
            FullOpeningTagStatement {
                id: 2,
                span: Span {
                    start: 0,
                    end: 5,
                },
            },
        ),
        span: Span {
            start: 0,
            end: 5,
        },
        comments: CommentGroup {
            id: 1,
            comments: [],
        },
    },
    Statement {
        id: 13,
        kind: Expression(
            ExpressionStatement {
                id: 12,
                span: Span {
                    start: 10,
                    end: 18,
                },
                expression: Expression {
                    id: 11,
                    kind: StaticMethodCall(
                        StaticMethodCallExpression {
                            id: 10,
                            span: Span {
                                start: 7,
                                end: 17,
                            },
                            target: Expression {
                                id: 6,
                                kind: Name(
                                    Name {
                                        id: 5,
                                        kind: Resolved(
                                            ResolvedName {
                                                id: 5,
                                                span: Span {
                                                    start: 7,
                                                    end: 10,
                                                },
                                                resolved: "A\B",
                                                original: "A\B",
                                            },
                                        ),
                                        span: Span {
                                            start: 7,
                                            end: 10,
                                        },
                                    },
                                ),
                                span: Span {
                                    start: 7,
                                    end: 10,
                                },
                                comments: CommentGroup {
                                    id: 0,
                                    comments: [],
                                },
                            },
                            double_colon: Span {
                                start: 10,
                                end: 12,
                            },
                            method: SimpleIdentifier(
                                SimpleIdentifier {
                                    id: 7,
                                    symbol: "foo",
                                    span: Span {
                                        start: 12,
                                        end: 15,
                                    },
                                },
                            ),
                            arguments: ArgumentList {
                                id: 9,
                                span: Span {
                                    start: 15,
                                    end: 17,
                                },
                                comments: CommentGroup {
                                    id: 8,
                                    comments: [],
                                },
                                left_parenthesis: Span {
                                    start: 15,
                                    end: 16,
                                },
                                arguments: [],
                                right_parenthesis: Span {
                                    start: 16,
                                    end: 17,
                                },
                            },
                        },
                    ),
                    span: Span {
                        start: 10,
                        end: 17,
                    },
                    comments: CommentGroup {
                        id: 0,
                        comments: [],
                    },
                },
                ending: Semicolon(
                    Span {
                        start: 17,
                        end: 18,
                    },
                ),
            },
        ),
        span: Span {
            start: 10,
            end: 18,
        },
        comments: CommentGroup {
            id: 4,
            comments: [],
        },
    },
]
---
