[
    Statement {
        id: 3,
        kind: FullOpeningTag(
            FullOpeningTagStatement {
                id: 2,
                span: Span {
                    start: 0,
                    end: 5,
                },
            },
        ),
        span: Span {
            start: 0,
            end: 5,
        },
        comments: CommentGroup {
            id: 1,
            comments: [],
        },
    },
    Statement {
        id: 12,
        kind: Function(
            FunctionStatement {
                id: 11,
                span: Span {
                    start: 7,
                    end: 24,
                },
                comments: CommentGroup {
                    id: 5,
                    comments: [],
                },
                attributes: [],
                function: Span {
                    start: 7,
                    end: 15,
                },
                ampersand: None,
                name: Name {
                    id: 6,
                    kind: Resolved(
                        ResolvedName {
                            id: 6,
                            span: Span {
                                start: 16,
                                end: 19,
                            },
                            resolved: "foo",
                            original: "foo",
                        },
                    ),
                    span: Span {
                        start: 16,
                        end: 19,
                    },
                },
                parameters: FunctionParameterList {
                    id: 8,
                    span: Span {
                        start: 19,
                        end: 21,
                    },
                    comments: CommentGroup {
                        id: 7,
                        comments: [],
                    },
                    left_parenthesis: Span {
                        start: 19,
                        end: 20,
                    },
                    parameters: CommaSeparated {
                        inner: [],
                        commas: [],
                    },
                    right_parenthesis: Span {
                        start: 20,
                        end: 21,
                    },
                },
                return_type: None,
                body: FunctionBody {
                    id: 10,
                    span: Span {
                        start: 22,
                        end: 24,
                    },
                    comments: CommentGroup {
                        id: 9,
                        comments: [],
                    },
                    left_brace: Span {
                        start: 22,
                        end: 23,
                    },
                    statements: [],
                    right_brace: Span {
                        start: 23,
                        end: 24,
                    },
                },
            },
        ),
        span: Span {
            start: 7,
            end: 24,
        },
        comments: CommentGroup {
            id: 4,
            comments: [],
        },
    },
]
---
