[
    Statement {
        id: 3,
        kind: FullOpeningTag(
            FullOpeningTagStatement {
                id: 2,
                span: Span {
                    start: 0,
                    end: 5,
                },
            },
        ),
        span: Span {
            start: 0,
            end: 5,
        },
        comments: CommentGroup {
            id: 1,
            comments: [],
        },
    },
    Statement {
        id: 8,
        kind: UnitEnum(
            UnitEnumStatement {
                id: 7,
                span: Span {
                    start: 7,
                    end: 18,
                },
                attributes: [],
                enum: Span {
                    start: 7,
                    end: 11,
                },
                name: Name {
                    id: 5,
                    kind: Resolved(
                        ResolvedName {
                            id: 5,
                            span: Span {
                                start: 12,
                                end: 15,
                            },
                            resolved: "Foo",
                            original: "Foo",
                        },
                    ),
                    span: Span {
                        start: 12,
                        end: 15,
                    },
                },
                implements: [],
                body: UnitEnumBody {
                    id: 6,
                    span: Span {
                        start: 16,
                        end: 18,
                    },
                    left_brace: Span {
                        start: 16,
                        end: 17,
                    },
                    members: [],
                    right_brace: Span {
                        start: 17,
                        end: 18,
                    },
                },
            },
        ),
        span: Span {
            start: 7,
            end: 18,
        },
        comments: CommentGroup {
            id: 4,
            comments: [],
        },
    },
]
---
