[
    Statement {
        id: 3,
        kind: FullOpeningTag(
            FullOpeningTagStatement {
                id: 2,
                span: Span {
                    start: 0,
                    end: 5,
                },
            },
        ),
        span: Span {
            start: 0,
            end: 5,
        },
        comments: CommentGroup {
            id: 1,
            comments: [],
        },
    },
    Statement {
        id: 8,
        kind: Namespace(
            Unbraced(
                UnbracedNamespace {
                    id: 6,
                    span: Span {
                        start: 7,
                        end: 0,
                    },
                    start: Span {
                        start: 7,
                        end: 16,
                    },
                    name: Name {
                        id: 7,
                        kind: Resolved(
                            ResolvedName {
                                id: 7,
                                span: Span {
                                    start: 17,
                                    end: 20,
                                },
                                resolved: "Foo",
                                original: "Foo",
                            },
                        ),
                        span: Span {
                            start: 17,
                            end: 20,
                        },
                    },
                    end: Span {
                        start: 20,
                        end: 21,
                    },
                    statements: [],
                },
            ),
        ),
        span: Span {
            start: 7,
            end: 21,
        },
        comments: CommentGroup {
            id: 4,
            comments: [],
        },
    },
]
---
