[
    Statement {
        id: 3,
        kind: FullOpeningTag(
            FullOpeningTagStatement {
                id: 2,
                span: Span {
                    start: 0,
                    end: 5,
                },
            },
        ),
        span: Span {
            start: 0,
            end: 5,
        },
        comments: CommentGroup {
            id: 1,
            comments: [],
        },
    },
    Statement {
        id: 9,
        kind: Expression(
            ExpressionStatement {
                id: 8,
                span: Span {
                    start: 7,
                    end: 11,
                },
                expression: Expression {
                    id: 5,
                    kind: Variable(
                        VariableVariable(
                            VariableVariable {
                                id: 7,
                                span: Span {
                                    start: 7,
                                    end: 8,
                                },
                                variable: SimpleVariable(
                                    SimpleVariable {
                                        id: 6,
                                        symbol: "$a",
                                        stripped: "a",
                                        span: Span {
                                            start: 8,
                                            end: 10,
                                        },
                                    },
                                ),
                            },
                        ),
                    ),
                    span: Span {
                        start: 7,
                        end: 8,
                    },
                    comments: CommentGroup {
                        id: 0,
                        comments: [],
                    },
                },
                ending: Semicolon(
                    Span {
                        start: 10,
                        end: 11,
                    },
                ),
            },
        ),
        span: Span {
            start: 7,
            end: 11,
        },
        comments: CommentGroup {
            id: 4,
            comments: [],
        },
    },
]
---
