[
    Statement {
        id: 3,
        kind: FullOpeningTag(
            FullOpeningTagStatement {
                id: 2,
                span: Span {
                    start: 0,
                    end: 5,
                },
            },
        ),
        span: Span {
            start: 0,
            end: 5,
        },
        comments: CommentGroup {
            id: 1,
            comments: [],
        },
    },
    Statement {
        id: 10,
        kind: Expression(
            ExpressionStatement {
                id: 9,
                span: Span {
                    start: 7,
                    end: 15,
                },
                expression: Expression {
                    id: 7,
                    kind: Yield(
                        YieldExpression {
                            id: 8,
                            span: Span {
                                start: 7,
                                end: 14,
                            },
                            yield: Span {
                                start: 7,
                                end: 12,
                            },
                            key: None,
                            value: Some(
                                Expression {
                                    id: 5,
                                    kind: Literal(
                                        Literal {
                                            id: 6,
                                            span: Span {
                                                start: 13,
                                                end: 14,
                                            },
                                            kind: Integer,
                                            token: OwnedToken {
                                                kind: LiteralInteger,
                                                span: Span {
                                                    start: 13,
                                                    end: 14,
                                                },
                                                symbol: "1",
                                            },
                                        },
                                    ),
                                    span: Span {
                                        start: 13,
                                        end: 14,
                                    },
                                    comments: CommentGroup {
                                        id: 0,
                                        comments: [],
                                    },
                                },
                            ),
                        },
                    ),
                    span: Span {
                        start: 7,
                        end: 14,
                    },
                    comments: CommentGroup {
                        id: 0,
                        comments: [],
                    },
                },
                ending: Semicolon(
                    Span {
                        start: 14,
                        end: 15,
                    },
                ),
            },
        ),
        span: Span {
            start: 7,
            end: 15,
        },
        comments: CommentGroup {
            id: 4,
            comments: [],
        },
    },
]
---
